exports[`creates an error 1`] = `
"
   [41m[1mExecution Error[22m[49m
   [31m[1m3452345[22m[39m

   [31m[1mPossible cause[22m[39m
   [31m53656564[39m

   2893475923847593

   [32m[1mPossible solution[22m[39m
   985u4986

   [90mIf you believe this is not an expected behaviour or that this error message should be improved, open an issue: https://github.com/dawson-org/dawson-cli/issues[39m"
`;

exports[`creates an error with default params 1`] = `
"
   [41m[1mExecution Error[22m[49m

   [90mIf you believe this is not an expected behaviour or that this error message should be improved, open an issue: https://github.com/dawson-org/dawson-cli/issues[39m"
`;
